../Core/Src/main.c:84:6:init_lcd	8	static
../Core/Src/main.c:114:6:write_lcd_data	24	static
../Core/Src/main.c:147:6:lcd_puts	16	static
../Core/Src/main.c:159:6:lcd_xy	24	static
../Core/Src/main.c:176:5:main	8	static
../Core/Src/main.c:230:6:SystemClock_Config	96	static
../Core/Src/main.c:277:13:MX_ADC1_Init	24	static
../Core/Src/main.c:324:13:MX_TIM6_Init	16	static
../Core/Src/main.c:362:13:MX_TIM7_Init	16	static
../Core/Src/main.c:400:13:MX_GPIO_Init	40	static
../Core/Src/main.c:471:6:Error_Handler	4	static,ignoring_inline_asm
