12:42:41 **** Incremental Build of configuration Debug for project B60C0_LCD2 ****
make -j8 all 
arm-none-eabi-gcc "../Core/Src/main.c" -mcpu=cortex-m3 -std=gnu11 -g3 -DDEBUG -DUSE_HAL_DRIVER -DSTM32F103xE -c -I../Core/Inc -I../Drivers/STM32F1xx_HAL_Driver/Inc -I../Drivers/STM32F1xx_HAL_Driver/Inc/Legacy -I../Drivers/CMSIS/Device/ST/STM32F1xx/Include -I../Drivers/CMSIS/Include -O0 -ffunction-sections -fdata-sections -Wall -fstack-usage -fcyclomatic-complexity -MMD -MP -MF"Core/Src/main.d" -MT"Core/Src/main.o" --specs=nano.specs -mfloat-abi=soft -mthumb -o "Core/Src/main.o"
arm-none-eabi-gcc -o "B60C0_LCD2.elf" @"objects.list"   -mcpu=cortex-m3 -T"Z:\ucomp_stm\B60C0_LCD2\STM32F103RCTX_FLASH.ld" --specs=nosys.specs -Wl,-Map="B60C0_LCD2.map" -Wl,--gc-sections -static --specs=nano.specs -mfloat-abi=soft -mthumb -Wl,--start-group -lc -lm -Wl,--end-group
Finished building target: B60C0_LCD2.elf
 
arm-none-eabi-size  B60C0_LCD2.elf 
arm-none-eabi-objdump -h -S B60C0_LCD2.elf  > "B60C0_LCD2.list"
   text	   data	    bss	    dec	    hex	filename
   8380	     12	   1764	  10156	   27ac	B60C0_LCD2.elf
Finished building: default.size.stdout
 
Finished building: B60C0_LCD2.list
 

12:42:43 Build Finished. 0 errors, 0 warnings. (took 2s.597ms)

