14:10:59 **** Build of configuration Debug for project stwork02_24eo0118 ****
make -j8 all 
arm-none-eabi-gcc "../Core/Src/main.c" -mcpu=cortex-m3 -std=gnu11 -g3 -DDEBUG -DUSE_HAL_DRIVER -DSTM32F103xE -c -I../Core/Inc -I../Drivers/STM32F1xx_HAL_Driver/Inc -I../Drivers/STM32F1xx_HAL_Driver/Inc/Legacy -I../Drivers/CMSIS/Device/ST/STM32F1xx/Include -I../Drivers/CMSIS/Include -O0 -ffunction-sections -fdata-sections -Wall -fstack-usage -fcyclomatic-complexity -MMD -MP -MF"Core/Src/main.d" -MT"Core/Src/main.o" --specs=nano.specs -mfloat-abi=soft -mthumb -o "Core/Src/main.o"
arm-none-eabi-gcc -o "stwork02_24eo0118.elf" @"objects.list"   -mcpu=cortex-m3 -T"Z:\ucomp_stm\stwork02_24eo0118\STM32F103RCTX_FLASH.ld" --specs=nosys.specs -Wl,-Map="stwork02_24eo0118.map" -Wl,--gc-sections -static --specs=nano.specs -mfloat-abi=soft -mthumb -Wl,--start-group -lc -lm -Wl,--end-group
Finished building target: stwork02_24eo0118.elf
 
arm-none-eabi-size  stwork02_24eo0118.elf 
arm-none-eabi-objdump -h -S stwork02_24eo0118.elf  > "stwork02_24eo0118.list"
   text	   data	    bss	    dec	    hex	filename
   7776	     12	   1764	   9552	   2550	stwork02_24eo0118.elf
Finished building: default.size.stdout
 
Finished building: stwork02_24eo0118.list
 

14:11:03 Build Finished. 0 errors, 0 warnings. (took 3s.438ms)

